  0%|          | 0/256 [00:00<?, ?it/s] 84%|████████▎ | 214/256 [00:00<00:00, 2134.99it/s]100%|██████████| 256/256 [00:00<00:00, 2162.06it/s]
Computing molecule trajectories:   0%|          | 0/256 [00:00<?, ?it/s]Computing molecule trajectories:   0%|          | 0/256 [00:00<?, ?it/s]
Traceback (most recent call last):
  File "<frozen runpy>", line 198, in _run_module_as_main
  File "<frozen runpy>", line 88, in _run_code
  File "/home/evronba/MolGenOrg/scripts/pretrain.py", line 160, in <module>
    run_training(args)
  File "/home/evronba/MolGenOrg/scripts/pretrain.py", line 77, in run_training
    train_dataset, val_dataset = get_dataset(
                                 ^^^^^^^^^^^^
  File "/home/evronba/MolGenOrg/molgen/datasets/dataset_factory.py", line 20, in get_dataset
    dataset = get_gpt_dataset(dataset_type, dataset_path, tokenizer, **kwargs)
              ^^^^^^^^^^^^^^^^^^^^^^^^^^^^^^^^^^^^^^^^^^^^^^^^^^^^^^^^^^^^^^^^
  File "/home/evronba/MolGenOrg/molgen/datasets/dataset_factory.py", line 39, in get_gpt_dataset
    train_dataset = PreTrainDecisionGPTSmilesDataset(smiles, tokenizer, **kwargs)
                    ^^^^^^^^^^^^^^^^^^^^^^^^^^^^^^^^^^^^^^^^^^^^^^^^^^^^^^^^^^^^^
  File "/home/evronba/MolGenOrg/molgen/datasets/smiles_dataset.py", line 66, in __init__
    self._trajectories = self._precompute_trajectories()
                         ^^^^^^^^^^^^^^^^^^^^^^^^^^^^^^^
  File "/home/evronba/MolGenOrg/molgen/datasets/smiles_dataset.py", line 86, in _precompute_trajectories
    reward_to_go = reward_func(smiles)
                   ^^^^^^^^^^^^^^^^^^^
  File "/home/evronba/MolGenOrg/molgen/rewards/functions/rdkit_rewards.py", line 53, in __call__
    reward = PenalizedLogPReward.penalized_logp(mol)
             ^^^^^^^^^^^^^^^^^^^^^^^^^^^^^^^^^^^^^^^
  File "/home/evronba/MolGenOrg/molgen/rewards/functions/rdkit_rewards.py", line 88, in penalized_logp
    sas_score = sascorer.calculateScore(molecule)
                ^^^^^^^^^^^^^^^^^^^^^^^^^^^^^^^^^
  File "/home/evronba/MolGenOrg/molgen/utils/sascorer.py", line 57, in calculateScore
    readFragmentScores()
  File "/home/evronba/MolGenOrg/molgen/utils/sascorer.py", line 37, in readFragmentScores
    data = pickle.load(gzip.open(name))
                       ^^^^^^^^^^^^^^^
  File "/home/evronba/.conda/envs/molgen/lib/python3.11/gzip.py", line 58, in open
    binary_file = GzipFile(filename, gz_mode, compresslevel)
                  ^^^^^^^^^^^^^^^^^^^^^^^^^^^^^^^^^^^^^^^^^^
  File "/home/evronba/.conda/envs/molgen/lib/python3.11/gzip.py", line 174, in __init__
    fileobj = self.myfileobj = builtins.open(filename, mode or 'rb')
                               ^^^^^^^^^^^^^^^^^^^^^^^^^^^^^^^^^^^^^
FileNotFoundError: [Errno 2] No such file or directory: '/home/evronba/MolGenOrg/molgen/utils/fpscores.pkl.gz'
