Traceback (most recent call last):
  File "<frozen runpy>", line 198, in _run_module_as_main
  File "<frozen runpy>", line 88, in _run_code
  File "/home/evronba/MolGenOrg/scripts/pretrain.py", line 160, in <module>
    run_training(args)
  File "/home/evronba/MolGenOrg/scripts/pretrain.py", line 76, in run_training
    model = get_model(args.model_type, model_config).to(device)
            ^^^^^^^^^^^^^^^^^^^^^^^^^^^^^^^^^^^^^^^^
  File "/home/evronba/MolGenOrg/molgen/models/model_factory.py", line 33, in get_model
    model = model_cls(config)  # type: ignore
            ^^^^^^^^^^^^^^^^^
  File "/home/evronba/MolGenOrg/molgen/models/dt_gpt.py", line 165, in __init__
    self.blocks = nn.Sequential(*[Block(config) for _ in range(config.n_layer)])
                                 ^^^^^^^^^^^^^^^^^^^^^^^^^^^^^^^^^^^^^^^^^^^^^^
  File "/home/evronba/MolGenOrg/molgen/models/dt_gpt.py", line 165, in <listcomp>
    self.blocks = nn.Sequential(*[Block(config) for _ in range(config.n_layer)])
                                  ^^^^^^^^^^^^^
  File "/home/evronba/MolGenOrg/molgen/models/dt_gpt.py", line 135, in __init__
    self.attn = CausalSelfAttention(config)
                ^^^^^^^^^^^^^^^^^^^^^^^^^^^
  File "/home/evronba/MolGenOrg/molgen/models/dt_gpt.py", line 63, in __init__
    assert config.n_embd % config.n_head == 0
           ^^^^^^^^^^^^^^^^^^^^^^^^^^^^^^^^^^
AssertionError
